Archive member included to satisfy reference by file (symbol)

c:/program files (x86)/atollic/truestudio for stm32 9.0.0/armtools/bin/../lib/gcc/arm-atollic-eabi/6.3.1/../../../../arm-atollic-eabi/lib/armv7-m\libc_nano.a(lib_a-init.o)
                              startup\startup_stm32l152xc.o (__libc_init_array)

Allocating common symbols
Common symbol       size              file

uwTick              0x4               Drivers\STM32L1xx_HAL_Driver\Src\stm32l1xx_hal.o
pFlash              0x18              Drivers\STM32L1xx_HAL_Driver\Src\stm32l1xx_hal_flash.o

Discarded input sections

 .text          0x00000000        0x0 c:/program files (x86)/atollic/truestudio for stm32 9.0.0/armtools/bin/../lib/gcc/arm-atollic-eabi/6.3.1/armv7-m/crti.o
 .data          0x00000000        0x0 c:/program files (x86)/atollic/truestudio for stm32 9.0.0/armtools/bin/../lib/gcc/arm-atollic-eabi/6.3.1/armv7-m/crti.o
 .bss           0x00000000        0x0 c:/program files (x86)/atollic/truestudio for stm32 9.0.0/armtools/bin/../lib/gcc/arm-atollic-eabi/6.3.1/armv7-m/crti.o
 .data          0x00000000        0x4 c:/program files (x86)/atollic/truestudio for stm32 9.0.0/armtools/bin/../lib/gcc/arm-atollic-eabi/6.3.1/armv7-m/crtbegin.o
 .text          0x00000000        0x0 Drivers\STM32L1xx_HAL_Driver\Src\stm32l1xx_hal.o
 .data          0x00000000        0x0 Drivers\STM32L1xx_HAL_Driver\Src\stm32l1xx_hal.o
 .bss           0x00000000        0x0 Drivers\STM32L1xx_HAL_Driver\Src\stm32l1xx_hal.o
 .text.HAL_MspInit
                0x00000000        0x2 Drivers\STM32L1xx_HAL_Driver\Src\stm32l1xx_hal.o
 .text.HAL_MspDeInit
                0x00000000        0x2 Drivers\STM32L1xx_HAL_Driver\Src\stm32l1xx_hal.o
 .text.HAL_DeInit
                0x00000000       0x24 Drivers\STM32L1xx_HAL_Driver\Src\stm32l1xx_hal.o
 .text.HAL_SuspendTick
                0x00000000       0x10 Drivers\STM32L1xx_HAL_Driver\Src\stm32l1xx_hal.o
 .text.HAL_ResumeTick
                0x00000000       0x10 Drivers\STM32L1xx_HAL_Driver\Src\stm32l1xx_hal.o
 .text.HAL_GetHalVersion
                0x00000000        0x8 Drivers\STM32L1xx_HAL_Driver\Src\stm32l1xx_hal.o
 .text.HAL_GetREVID
                0x00000000        0xc Drivers\STM32L1xx_HAL_Driver\Src\stm32l1xx_hal.o
 .text.HAL_GetDEVID
                0x00000000       0x10 Drivers\STM32L1xx_HAL_Driver\Src\stm32l1xx_hal.o
 .text.HAL_DBGMCU_EnableDBGSleepMode
                0x00000000       0x10 Drivers\STM32L1xx_HAL_Driver\Src\stm32l1xx_hal.o
 .text.HAL_DBGMCU_DisableDBGSleepMode
                0x00000000       0x10 Drivers\STM32L1xx_HAL_Driver\Src\stm32l1xx_hal.o
 .text.HAL_DBGMCU_EnableDBGStopMode
                0x00000000       0x10 Drivers\STM32L1xx_HAL_Driver\Src\stm32l1xx_hal.o
 .text.HAL_DBGMCU_DisableDBGStopMode
                0x00000000       0x10 Drivers\STM32L1xx_HAL_Driver\Src\stm32l1xx_hal.o
 .text.HAL_DBGMCU_EnableDBGStandbyMode
                0x00000000       0x10 Drivers\STM32L1xx_HAL_Driver\Src\stm32l1xx_hal.o
 .text.HAL_DBGMCU_DisableDBGStandbyMode
                0x00000000       0x10 Drivers\STM32L1xx_HAL_Driver\Src\stm32l1xx_hal.o
 .text          0x00000000        0x0 Drivers\STM32L1xx_HAL_Driver\Src\stm32l1xx_hal_cortex.o
 .data          0x00000000        0x0 Drivers\STM32L1xx_HAL_Driver\Src\stm32l1xx_hal_cortex.o
 .bss           0x00000000        0x0 Drivers\STM32L1xx_HAL_Driver\Src\stm32l1xx_hal_cortex.o
 .text.HAL_NVIC_EnableIRQ
                0x00000000       0x18 Drivers\STM32L1xx_HAL_Driver\Src\stm32l1xx_hal_cortex.o
 .text.HAL_NVIC_DisableIRQ
                0x00000000       0x1c Drivers\STM32L1xx_HAL_Driver\Src\stm32l1xx_hal_cortex.o
 .text.HAL_NVIC_SystemReset
                0x00000000       0x24 Drivers\STM32L1xx_HAL_Driver\Src\stm32l1xx_hal_cortex.o
 .text.HAL_MPU_Enable
                0x00000000       0x18 Drivers\STM32L1xx_HAL_Driver\Src\stm32l1xx_hal_cortex.o
 .text.HAL_MPU_Disable
                0x00000000       0x10 Drivers\STM32L1xx_HAL_Driver\Src\stm32l1xx_hal_cortex.o
 .text.HAL_MPU_ConfigRegion
                0x00000000       0x50 Drivers\STM32L1xx_HAL_Driver\Src\stm32l1xx_hal_cortex.o
 .text.HAL_NVIC_GetPriorityGrouping
                0x00000000       0x10 Drivers\STM32L1xx_HAL_Driver\Src\stm32l1xx_hal_cortex.o
 .text.HAL_NVIC_GetPriority
                0x00000000       0x5c Drivers\STM32L1xx_HAL_Driver\Src\stm32l1xx_hal_cortex.o
 .text.HAL_NVIC_SetPendingIRQ
                0x00000000       0x1c Drivers\STM32L1xx_HAL_Driver\Src\stm32l1xx_hal_cortex.o
 .text.HAL_NVIC_GetPendingIRQ
                0x00000000       0x1c Drivers\STM32L1xx_HAL_Driver\Src\stm32l1xx_hal_cortex.o
 .text.HAL_NVIC_ClearPendingIRQ
                0x00000000       0x1c Drivers\STM32L1xx_HAL_Driver\Src\stm32l1xx_hal_cortex.o
 .text.HAL_NVIC_GetActive
                0x00000000       0x1c Drivers\STM32L1xx_HAL_Driver\Src\stm32l1xx_hal_cortex.o
 .text          0x00000000        0x0 Drivers\STM32L1xx_HAL_Driver\Src\stm32l1xx_hal_dma.o
 .data          0x00000000        0x0 Drivers\STM32L1xx_HAL_Driver\Src\stm32l1xx_hal_dma.o
 .bss           0x00000000        0x0 Drivers\STM32L1xx_HAL_Driver\Src\stm32l1xx_hal_dma.o
 .text.HAL_DMA_Init
                0x00000000       0x90 Drivers\STM32L1xx_HAL_Driver\Src\stm32l1xx_hal_dma.o
 .text.HAL_DMA_DeInit
                0x00000000       0x70 Drivers\STM32L1xx_HAL_Driver\Src\stm32l1xx_hal_dma.o
 .text.HAL_DMA_Start
                0x00000000       0x5e Drivers\STM32L1xx_HAL_Driver\Src\stm32l1xx_hal_dma.o
 .text.HAL_DMA_Start_IT
                0x00000000       0x7c Drivers\STM32L1xx_HAL_Driver\Src\stm32l1xx_hal_dma.o
 .text.HAL_DMA_Abort
                0x00000000       0x2c Drivers\STM32L1xx_HAL_Driver\Src\stm32l1xx_hal_dma.o
 .text.HAL_DMA_Abort_IT
                0x00000000       0x48 Drivers\STM32L1xx_HAL_Driver\Src\stm32l1xx_hal_dma.o
 .text.HAL_DMA_PollForTransfer
                0x00000000       0xc6 Drivers\STM32L1xx_HAL_Driver\Src\stm32l1xx_hal_dma.o
 .text.HAL_DMA_IRQHandler
                0x00000000       0x90 Drivers\STM32L1xx_HAL_Driver\Src\stm32l1xx_hal_dma.o
 .text.HAL_DMA_RegisterCallback
                0x00000000       0x46 Drivers\STM32L1xx_HAL_Driver\Src\stm32l1xx_hal_dma.o
 .text.HAL_DMA_UnRegisterCallback
                0x00000000       0x4e Drivers\STM32L1xx_HAL_Driver\Src\stm32l1xx_hal_dma.o
 .text.HAL_DMA_GetState
                0x00000000        0x6 Drivers\STM32L1xx_HAL_Driver\Src\stm32l1xx_hal_dma.o
 .text.HAL_DMA_GetError
                0x00000000        0x4 Drivers\STM32L1xx_HAL_Driver\Src\stm32l1xx_hal_dma.o
 .debug_info    0x00000000     0x1026 Drivers\STM32L1xx_HAL_Driver\Src\stm32l1xx_hal_dma.o
 .debug_abbrev  0x00000000      0x29e Drivers\STM32L1xx_HAL_Driver\Src\stm32l1xx_hal_dma.o
 .debug_loc     0x00000000      0x5c6 Drivers\STM32L1xx_HAL_Driver\Src\stm32l1xx_hal_dma.o
 .debug_aranges
                0x00000000       0x78 Drivers\STM32L1xx_HAL_Driver\Src\stm32l1xx_hal_dma.o
 .debug_ranges  0x00000000       0xa8 Drivers\STM32L1xx_HAL_Driver\Src\stm32l1xx_hal_dma.o
 .debug_line    0x00000000      0x56d Drivers\STM32L1xx_HAL_Driver\Src\stm32l1xx_hal_dma.o
 .debug_str     0x00000000      0xa86 Drivers\STM32L1xx_HAL_Driver\Src\stm32l1xx_hal_dma.o
 .comment       0x00000000       0x7d Drivers\STM32L1xx_HAL_Driver\Src\stm32l1xx_hal_dma.o
 .debug_frame   0x00000000      0x13c Drivers\STM32L1xx_HAL_Driver\Src\stm32l1xx_hal_dma.o
 .ARM.attributes
                0x00000000       0x33 Drivers\STM32L1xx_HAL_Driver\Src\stm32l1xx_hal_dma.o
 .text          0x00000000        0x0 Drivers\STM32L1xx_HAL_Driver\Src\stm32l1xx_hal_flash.o
 .data          0x00000000        0x0 Drivers\STM32L1xx_HAL_Driver\Src\stm32l1xx_hal_flash.o
 .bss           0x00000000        0x0 Drivers\STM32L1xx_HAL_Driver\Src\stm32l1xx_hal_flash.o
 .text.FLASH_SetErrorCode
                0x00000000       0x78 Drivers\STM32L1xx_HAL_Driver\Src\stm32l1xx_hal_flash.o
 .text.HAL_FLASH_Program_IT
                0x00000000       0x3c Drivers\STM32L1xx_HAL_Driver\Src\stm32l1xx_hal_flash.o
 .text.HAL_FLASH_EndOfOperationCallback
                0x00000000        0x2 Drivers\STM32L1xx_HAL_Driver\Src\stm32l1xx_hal_flash.o
 .text.HAL_FLASH_OperationErrorCallback
                0x00000000        0x2 Drivers\STM32L1xx_HAL_Driver\Src\stm32l1xx_hal_flash.o
 .text.HAL_FLASH_IRQHandler
                0x00000000       0xd4 Drivers\STM32L1xx_HAL_Driver\Src\stm32l1xx_hal_flash.o
 .text.HAL_FLASH_Unlock
                0x00000000       0x40 Drivers\STM32L1xx_HAL_Driver\Src\stm32l1xx_hal_flash.o
 .text.HAL_FLASH_Lock
                0x00000000       0x14 Drivers\STM32L1xx_HAL_Driver\Src\stm32l1xx_hal_flash.o
 .text.HAL_FLASH_OB_Unlock
                0x00000000       0x40 Drivers\STM32L1xx_HAL_Driver\Src\stm32l1xx_hal_flash.o
 .text.HAL_FLASH_OB_Lock
                0x00000000       0x14 Drivers\STM32L1xx_HAL_Driver\Src\stm32l1xx_hal_flash.o
 .text.HAL_FLASH_GetError
                0x00000000        0xc Drivers\STM32L1xx_HAL_Driver\Src\stm32l1xx_hal_flash.o
 .text.FLASH_WaitForLastOperation
                0x00000000       0x60 Drivers\STM32L1xx_HAL_Driver\Src\stm32l1xx_hal_flash.o
 .text.HAL_FLASH_Program
                0x00000000       0x38 Drivers\STM32L1xx_HAL_Driver\Src\stm32l1xx_hal_flash.o
 .text.HAL_FLASH_OB_Launch
                0x00000000       0x18 Drivers\STM32L1xx_HAL_Driver\Src\stm32l1xx_hal_flash.o
 .debug_info    0x00000000      0xdd0 Drivers\STM32L1xx_HAL_Driver\Src\stm32l1xx_hal_flash.o
 .debug_abbrev  0x00000000      0x328 Drivers\STM32L1xx_HAL_Driver\Src\stm32l1xx_hal_flash.o
 .debug_loc     0x00000000      0x1b2 Drivers\STM32L1xx_HAL_Driver\Src\stm32l1xx_hal_flash.o
 .debug_aranges
                0x00000000       0x78 Drivers\STM32L1xx_HAL_Driver\Src\stm32l1xx_hal_flash.o
 .debug_ranges  0x00000000       0x68 Drivers\STM32L1xx_HAL_Driver\Src\stm32l1xx_hal_flash.o
 .debug_line    0x00000000      0x490 Drivers\STM32L1xx_HAL_Driver\Src\stm32l1xx_hal_flash.o
 .debug_str     0x00000000      0x911 Drivers\STM32L1xx_HAL_Driver\Src\stm32l1xx_hal_flash.o
 .comment       0x00000000       0x7d Drivers\STM32L1xx_HAL_Driver\Src\stm32l1xx_hal_flash.o
 .debug_frame   0x00000000      0x114 Drivers\STM32L1xx_HAL_Driver\Src\stm32l1xx_hal_flash.o
 .ARM.attributes
                0x00000000       0x33 Drivers\STM32L1xx_HAL_Driver\Src\stm32l1xx_hal_flash.o
 COMMON         0x00000000       0x18 Drivers\STM32L1xx_HAL_Driver\Src\stm32l1xx_hal_flash.o
 .text          0x00000000        0x0 Drivers\STM32L1xx_HAL_Driver\Src\stm32l1xx_hal_flash_ex.o
 .data          0x00000000        0x0 Drivers\STM32L1xx_HAL_Driver\Src\stm32l1xx_hal_flash_ex.o
 .bss           0x00000000        0x0 Drivers\STM32L1xx_HAL_Driver\Src\stm32l1xx_hal_flash_ex.o
 .text.FLASH_OB_WRPConfigWRP1OrPCROP1
                0x00000000       0x40 Drivers\STM32L1xx_HAL_Driver\Src\stm32l1xx_hal_flash_ex.o
 .text.FLASH_OB_WRPConfigWRP2OrPCROP2
                0x00000000       0x40 Drivers\STM32L1xx_HAL_Driver\Src\stm32l1xx_hal_flash_ex.o
 .text.FLASH_OB_WRPConfig
                0x00000000       0x3c Drivers\STM32L1xx_HAL_Driver\Src\stm32l1xx_hal_flash_ex.o
 .text.FLASH_OB_PCROPConfig
                0x00000000       0x40 Drivers\STM32L1xx_HAL_Driver\Src\stm32l1xx_hal_flash_ex.o
 .text.HAL_FLASHEx_OBProgram
                0x00000000      0x100 Drivers\STM32L1xx_HAL_Driver\Src\stm32l1xx_hal_flash_ex.o
 .text.HAL_FLASHEx_OBGetConfig
                0x00000000       0x2c Drivers\STM32L1xx_HAL_Driver\Src\stm32l1xx_hal_flash_ex.o
 .text.HAL_FLASHEx_AdvOBProgram
                0x00000000       0x16 Drivers\STM32L1xx_HAL_Driver\Src\stm32l1xx_hal_flash_ex.o
 .text.HAL_FLASHEx_AdvOBGetConfig
                0x00000000       0x2c Drivers\STM32L1xx_HAL_Driver\Src\stm32l1xx_hal_flash_ex.o
 .text.HAL_FLASHEx_OB_SelectPCROP
                0x00000000       0x40 Drivers\STM32L1xx_HAL_Driver\Src\stm32l1xx_hal_flash_ex.o
 .text.HAL_FLASHEx_OB_DeSelectPCROP
                0x00000000       0x3c Drivers\STM32L1xx_HAL_Driver\Src\stm32l1xx_hal_flash_ex.o
 .text.HAL_FLASHEx_DATAEEPROM_Unlock
                0x00000000       0x24 Drivers\STM32L1xx_HAL_Driver\Src\stm32l1xx_hal_flash_ex.o
 .text.HAL_FLASHEx_DATAEEPROM_Lock
                0x00000000       0x14 Drivers\STM32L1xx_HAL_Driver\Src\stm32l1xx_hal_flash_ex.o
 .text.HAL_FLASHEx_DATAEEPROM_Erase
                0x00000000       0x3c Drivers\STM32L1xx_HAL_Driver\Src\stm32l1xx_hal_flash_ex.o
 .text.HAL_FLASHEx_DATAEEPROM_Program
                0x00000000       0xd4 Drivers\STM32L1xx_HAL_Driver\Src\stm32l1xx_hal_flash_ex.o
 .text.HAL_FLASHEx_DATAEEPROM_EnableFixedTimeProgram
                0x00000000       0x10 Drivers\STM32L1xx_HAL_Driver\Src\stm32l1xx_hal_flash_ex.o
 .text.HAL_FLASHEx_DATAEEPROM_DisableFixedTimeProgram
                0x00000000       0x10 Drivers\STM32L1xx_HAL_Driver\Src\stm32l1xx_hal_flash_ex.o
 .text.FLASH_PageErase
                0x00000000       0x28 Drivers\STM32L1xx_HAL_Driver\Src\stm32l1xx_hal_flash_ex.o
 .text.HAL_FLASHEx_Erase
                0x00000000       0x80 Drivers\STM32L1xx_HAL_Driver\Src\stm32l1xx_hal_flash_ex.o
 .text.HAL_FLASHEx_Erase_IT
                0x00000000       0x5c Drivers\STM32L1xx_HAL_Driver\Src\stm32l1xx_hal_flash_ex.o
 .debug_info    0x00000000     0x1a63 Drivers\STM32L1xx_HAL_Driver\Src\stm32l1xx_hal_flash_ex.o
 .debug_abbrev  0x00000000      0x3ac Drivers\STM32L1xx_HAL_Driver\Src\stm32l1xx_hal_flash_ex.o
 .debug_loc     0x00000000     0x106d Drivers\STM32L1xx_HAL_Driver\Src\stm32l1xx_hal_flash_ex.o
 .debug_aranges
                0x00000000       0xb0 Drivers\STM32L1xx_HAL_Driver\Src\stm32l1xx_hal_flash_ex.o
 .debug_ranges  0x00000000      0x158 Drivers\STM32L1xx_HAL_Driver\Src\stm32l1xx_hal_flash_ex.o
 .debug_line    0x00000000      0x67f Drivers\STM32L1xx_HAL_Driver\Src\stm32l1xx_hal_flash_ex.o
 .debug_str     0x00000000      0xd2e Drivers\STM32L1xx_HAL_Driver\Src\stm32l1xx_hal_flash_ex.o
 .comment       0x00000000       0x7d Drivers\STM32L1xx_HAL_Driver\Src\stm32l1xx_hal_flash_ex.o
 .debug_frame   0x00000000      0x1ec Drivers\STM32L1xx_HAL_Driver\Src\stm32l1xx_hal_flash_ex.o
 .ARM.attributes
                0x00000000       0x33 Drivers\STM32L1xx_HAL_Driver\Src\stm32l1xx_hal_flash_ex.o
 .text          0x00000000        0x0 Drivers\STM32L1xx_HAL_Driver\Src\stm32l1xx_hal_flash_ramfunc.o
 .data          0x00000000        0x0 Drivers\STM32L1xx_HAL_Driver\Src\stm32l1xx_hal_flash_ramfunc.o
 .bss           0x00000000        0x0 Drivers\STM32L1xx_HAL_Driver\Src\stm32l1xx_hal_flash_ramfunc.o
 .RamFunc       0x00000000      0x22c Drivers\STM32L1xx_HAL_Driver\Src\stm32l1xx_hal_flash_ramfunc.o
 .debug_info    0x00000000      0xd86 Drivers\STM32L1xx_HAL_Driver\Src\stm32l1xx_hal_flash_ramfunc.o
 .debug_abbrev  0x00000000      0x272 Drivers\STM32L1xx_HAL_Driver\Src\stm32l1xx_hal_flash_ramfunc.o
 .debug_loc     0x00000000      0x1df Drivers\STM32L1xx_HAL_Driver\Src\stm32l1xx_hal_flash_ramfunc.o
 .debug_aranges
                0x00000000       0x50 Drivers\STM32L1xx_HAL_Driver\Src\stm32l1xx_hal_flash_ramfunc.o
 .debug_ranges  0x00000000       0x40 Drivers\STM32L1xx_HAL_Driver\Src\stm32l1xx_hal_flash_ramfunc.o
 .debug_line    0x00000000      0x374 Drivers\STM32L1xx_HAL_Driver\Src\stm32l1xx_hal_flash_ramfunc.o
 .debug_str     0x00000000      0x909 Drivers\STM32L1xx_HAL_Driver\Src\stm32l1xx_hal_flash_ramfunc.o
 .comment       0x00000000       0x7d Drivers\STM32L1xx_HAL_Driver\Src\stm32l1xx_hal_flash_ramfunc.o
 .debug_frame   0x00000000       0xa8 Drivers\STM32L1xx_HAL_Driver\Src\stm32l1xx_hal_flash_ramfunc.o
 .ARM.attributes
                0x00000000       0x33 Drivers\STM32L1xx_HAL_Driver\Src\stm32l1xx_hal_flash_ramfunc.o
 .text          0x00000000        0x0 Drivers\STM32L1xx_HAL_Driver\Src\stm32l1xx_hal_gpio.o
 .data          0x00000000        0x0 Drivers\STM32L1xx_HAL_Driver\Src\stm32l1xx_hal_gpio.o
 .bss           0x00000000        0x0 Drivers\STM32L1xx_HAL_Driver\Src\stm32l1xx_hal_gpio.o
 .text.HAL_GPIO_DeInit
                0x00000000       0xf4 Drivers\STM32L1xx_HAL_Driver\Src\stm32l1xx_hal_gpio.o
 .text.HAL_GPIO_ReadPin
                0x00000000        0xc Drivers\STM32L1xx_HAL_Driver\Src\stm32l1xx_hal_gpio.o
 .text.HAL_GPIO_LockPin
                0x00000000       0x2a Drivers\STM32L1xx_HAL_Driver\Src\stm32l1xx_hal_gpio.o
 .text.HAL_GPIO_EXTI_Callback
                0x00000000        0x2 Drivers\STM32L1xx_HAL_Driver\Src\stm32l1xx_hal_gpio.o
 .text.HAL_GPIO_EXTI_IRQHandler
                0x00000000       0x18 Drivers\STM32L1xx_HAL_Driver\Src\stm32l1xx_hal_gpio.o
 .text          0x00000000        0x0 Drivers\STM32L1xx_HAL_Driver\Src\stm32l1xx_hal_pwr.o
 .data          0x00000000        0x0 Drivers\STM32L1xx_HAL_Driver\Src\stm32l1xx_hal_pwr.o
 .bss           0x00000000        0x0 Drivers\STM32L1xx_HAL_Driver\Src\stm32l1xx_hal_pwr.o
 .text.HAL_PWR_DeInit
                0x00000000       0x18 Drivers\STM32L1xx_HAL_Driver\Src\stm32l1xx_hal_pwr.o
 .text.HAL_PWR_EnableBkUpAccess
                0x00000000       0x1c Drivers\STM32L1xx_HAL_Driver\Src\stm32l1xx_hal_pwr.o
 .text.HAL_PWR_DisableBkUpAccess
                0x00000000       0x1c Drivers\STM32L1xx_HAL_Driver\Src\stm32l1xx_hal_pwr.o
 .text.HAL_PWR_ConfigPVD
                0x00000000       0x6c Drivers\STM32L1xx_HAL_Driver\Src\stm32l1xx_hal_pwr.o
 .text.HAL_PWR_EnablePVD
                0x00000000       0x1a Drivers\STM32L1xx_HAL_Driver\Src\stm32l1xx_hal_pwr.o
 .text.HAL_PWR_DisablePVD
                0x00000000       0x1a Drivers\STM32L1xx_HAL_Driver\Src\stm32l1xx_hal_pwr.o
 .text.HAL_PWR_EnableWakeUpPin
                0x00000000       0x18 Drivers\STM32L1xx_HAL_Driver\Src\stm32l1xx_hal_pwr.o
 .text.HAL_PWR_DisableWakeUpPin
                0x00000000       0x18 Drivers\STM32L1xx_HAL_Driver\Src\stm32l1xx_hal_pwr.o
 .text.HAL_PWR_EnterSLEEPMode
                0x00000000       0x30 Drivers\STM32L1xx_HAL_Driver\Src\stm32l1xx_hal_pwr.o
 .text.HAL_PWR_EnterSTOPMode
                0x00000000       0x38 Drivers\STM32L1xx_HAL_Driver\Src\stm32l1xx_hal_pwr.o
 .text.HAL_PWR_EnterSTANDBYMode
                0x00000000       0x20 Drivers\STM32L1xx_HAL_Driver\Src\stm32l1xx_hal_pwr.o
 .text.HAL_PWR_EnableSleepOnExit
                0x00000000       0x10 Drivers\STM32L1xx_HAL_Driver\Src\stm32l1xx_hal_pwr.o
 .text.HAL_PWR_DisableSleepOnExit
                0x00000000       0x10 Drivers\STM32L1xx_HAL_Driver\Src\stm32l1xx_hal_pwr.o
 .text.HAL_PWR_EnableSEVOnPend
                0x00000000       0x10 Drivers\STM32L1xx_HAL_Driver\Src\stm32l1xx_hal_pwr.o
 .text.HAL_PWR_DisableSEVOnPend
                0x00000000       0x10 Drivers\STM32L1xx_HAL_Driver\Src\stm32l1xx_hal_pwr.o
 .text.HAL_PWR_PVDCallback
                0x00000000        0x2 Drivers\STM32L1xx_HAL_Driver\Src\stm32l1xx_hal_pwr.o
 .text.HAL_PWR_PVD_IRQHandler
                0x00000000       0x1c Drivers\STM32L1xx_HAL_Driver\Src\stm32l1xx_hal_pwr.o
 .debug_info    0x00000000     0x105d Drivers\STM32L1xx_HAL_Driver\Src\stm32l1xx_hal_pwr.o
 .debug_abbrev  0x00000000      0x29d Drivers\STM32L1xx_HAL_Driver\Src\stm32l1xx_hal_pwr.o
 .debug_loc     0x00000000      0x11f Drivers\STM32L1xx_HAL_Driver\Src\stm32l1xx_hal_pwr.o
 .debug_aranges
                0x00000000       0xa0 Drivers\STM32L1xx_HAL_Driver\Src\stm32l1xx_hal_pwr.o
 .debug_ranges  0x00000000       0x90 Drivers\STM32L1xx_HAL_Driver\Src\stm32l1xx_hal_pwr.o
 .debug_line    0x00000000      0x44f Drivers\STM32L1xx_HAL_Driver\Src\stm32l1xx_hal_pwr.o
 .debug_str     0x00000000      0x93a Drivers\STM32L1xx_HAL_Driver\Src\stm32l1xx_hal_pwr.o
 .comment       0x00000000       0x7d Drivers\STM32L1xx_HAL_Driver\Src\stm32l1xx_hal_pwr.o
 .debug_frame   0x00000000      0x128 Drivers\STM32L1xx_HAL_Driver\Src\stm32l1xx_hal_pwr.o
 .ARM.attributes
                0x00000000       0x33 Drivers\STM32L1xx_HAL_Driver\Src\stm32l1xx_hal_pwr.o
 .text          0x00000000        0x0 Drivers\STM32L1xx_HAL_Driver\Src\stm32l1xx_hal_pwr_ex.o
 .data          0x00000000        0x0 Drivers\STM32L1xx_HAL_Driver\Src\stm32l1xx_hal_pwr_ex.o
 .bss           0x00000000        0x0 Drivers\STM32L1xx_HAL_Driver\Src\stm32l1xx_hal_pwr_ex.o
 .text.HAL_PWREx_GetVoltageRange
                0x00000000       0x10 Drivers\STM32L1xx_HAL_Driver\Src\stm32l1xx_hal_pwr_ex.o
 .text.HAL_PWREx_EnableFastWakeUp
                0x00000000       0x1c Drivers\STM32L1xx_HAL_Driver\Src\stm32l1xx_hal_pwr_ex.o
 .text.HAL_PWREx_DisableFastWakeUp
                0x00000000       0x1c Drivers\STM32L1xx_HAL_Driver\Src\stm32l1xx_hal_pwr_ex.o
 .text.HAL_PWREx_EnableUltraLowPower
                0x00000000       0x1c Drivers\STM32L1xx_HAL_Driver\Src\stm32l1xx_hal_pwr_ex.o
 .text.HAL_PWREx_DisableUltraLowPower
                0x00000000       0x1c Drivers\STM32L1xx_HAL_Driver\Src\stm32l1xx_hal_pwr_ex.o
 .text.HAL_PWREx_EnableLowPowerRunMode
                0x00000000       0x30 Drivers\STM32L1xx_HAL_Driver\Src\stm32l1xx_hal_pwr_ex.o
 .text.HAL_PWREx_DisableLowPowerRunMode
                0x00000000       0x32 Drivers\STM32L1xx_HAL_Driver\Src\stm32l1xx_hal_pwr_ex.o
 .debug_info    0x00000000      0xbd7 Drivers\STM32L1xx_HAL_Driver\Src\stm32l1xx_hal_pwr_ex.o
 .debug_abbrev  0x00000000      0x239 Drivers\STM32L1xx_HAL_Driver\Src\stm32l1xx_hal_pwr_ex.o
 .debug_loc     0x00000000       0xac Drivers\STM32L1xx_HAL_Driver\Src\stm32l1xx_hal_pwr_ex.o
 .debug_aranges
                0x00000000       0x50 Drivers\STM32L1xx_HAL_Driver\Src\stm32l1xx_hal_pwr_ex.o
 .debug_ranges  0x00000000       0x40 Drivers\STM32L1xx_HAL_Driver\Src\stm32l1xx_hal_pwr_ex.o
 .debug_line    0x00000000      0x37e Drivers\STM32L1xx_HAL_Driver\Src\stm32l1xx_hal_pwr_ex.o
 .debug_str     0x00000000      0x779 Drivers\STM32L1xx_HAL_Driver\Src\stm32l1xx_hal_pwr_ex.o
 .comment       0x00000000       0x7d Drivers\STM32L1xx_HAL_Driver\Src\stm32l1xx_hal_pwr_ex.o
 .debug_frame   0x00000000       0x80 Drivers\STM32L1xx_HAL_Driver\Src\stm32l1xx_hal_pwr_ex.o
 .ARM.attributes
                0x00000000       0x33 Drivers\STM32L1xx_HAL_Driver\Src\stm32l1xx_hal_pwr_ex.o
 .text          0x00000000        0x0 Drivers\STM32L1xx_HAL_Driver\Src\stm32l1xx_hal_rcc.o
 .data          0x00000000        0x0 Drivers\STM32L1xx_HAL_Driver\Src\stm32l1xx_hal_rcc.o
 .bss           0x00000000        0x0 Drivers\STM32L1xx_HAL_Driver\Src\stm32l1xx_hal_rcc.o
 .text.HAL_RCC_DeInit
                0x00000000       0x70 Drivers\STM32L1xx_HAL_Driver\Src\stm32l1xx_hal_rcc.o
 .text.HAL_RCC_MCOConfig
                0x00000000       0x50 Drivers\STM32L1xx_HAL_Driver\Src\stm32l1xx_hal_rcc.o
 .text.HAL_RCC_EnableCSS
                0x00000000       0x1c Drivers\STM32L1xx_HAL_Driver\Src\stm32l1xx_hal_rcc.o
 .text.HAL_RCC_DisableCSS
                0x00000000       0x1c Drivers\STM32L1xx_HAL_Driver\Src\stm32l1xx_hal_rcc.o
 .text.HAL_RCC_GetPCLK1Freq
                0x00000000       0x30 Drivers\STM32L1xx_HAL_Driver\Src\stm32l1xx_hal_rcc.o
 .text.HAL_RCC_GetPCLK2Freq
                0x00000000       0x30 Drivers\STM32L1xx_HAL_Driver\Src\stm32l1xx_hal_rcc.o
 .text.HAL_RCC_GetOscConfig
                0x00000000       0xbc Drivers\STM32L1xx_HAL_Driver\Src\stm32l1xx_hal_rcc.o
 .text.HAL_RCC_GetClockConfig
                0x00000000       0x3c Drivers\STM32L1xx_HAL_Driver\Src\stm32l1xx_hal_rcc.o
 .text.HAL_RCC_CSSCallback
                0x00000000        0x2 Drivers\STM32L1xx_HAL_Driver\Src\stm32l1xx_hal_rcc.o
 .text.HAL_RCC_NMI_IRQHandler
                0x00000000       0x20 Drivers\STM32L1xx_HAL_Driver\Src\stm32l1xx_hal_rcc.o
 .text          0x00000000        0x0 Drivers\STM32L1xx_HAL_Driver\Src\stm32l1xx_hal_rcc_ex.o
 .data          0x00000000        0x0 Drivers\STM32L1xx_HAL_Driver\Src\stm32l1xx_hal_rcc_ex.o
 .bss           0x00000000        0x0 Drivers\STM32L1xx_HAL_Driver\Src\stm32l1xx_hal_rcc_ex.o
 .text.HAL_RCCEx_PeriphCLKConfig
                0x00000000      0x15c Drivers\STM32L1xx_HAL_Driver\Src\stm32l1xx_hal_rcc_ex.o
 .text.HAL_RCCEx_GetPeriphCLKConfig
                0x00000000       0x28 Drivers\STM32L1xx_HAL_Driver\Src\stm32l1xx_hal_rcc_ex.o
 .text.HAL_RCCEx_GetPeriphCLKFreq
                0x00000000       0x88 Drivers\STM32L1xx_HAL_Driver\Src\stm32l1xx_hal_rcc_ex.o
 .text.HAL_RCCEx_EnableLSECSS
                0x00000000       0x1c Drivers\STM32L1xx_HAL_Driver\Src\stm32l1xx_hal_rcc_ex.o
 .text.HAL_RCCEx_DisableLSECSS
                0x00000000       0x2c Drivers\STM32L1xx_HAL_Driver\Src\stm32l1xx_hal_rcc_ex.o
 .text.HAL_RCCEx_EnableLSECSS_IT
                0x00000000       0x40 Drivers\STM32L1xx_HAL_Driver\Src\stm32l1xx_hal_rcc_ex.o
 .text.HAL_RCCEx_LSECSS_Callback
                0x00000000        0x2 Drivers\STM32L1xx_HAL_Driver\Src\stm32l1xx_hal_rcc_ex.o
 .text.HAL_RCCEx_LSECSS_IRQHandler
                0x00000000       0x20 Drivers\STM32L1xx_HAL_Driver\Src\stm32l1xx_hal_rcc_ex.o
 .debug_info    0x00000000      0xe65 Drivers\STM32L1xx_HAL_Driver\Src\stm32l1xx_hal_rcc_ex.o
 .debug_abbrev  0x00000000      0x311 Drivers\STM32L1xx_HAL_Driver\Src\stm32l1xx_hal_rcc_ex.o
 .debug_loc     0x00000000      0x295 Drivers\STM32L1xx_HAL_Driver\Src\stm32l1xx_hal_rcc_ex.o
 .debug_aranges
                0x00000000       0x58 Drivers\STM32L1xx_HAL_Driver\Src\stm32l1xx_hal_rcc_ex.o
 .debug_ranges  0x00000000       0x90 Drivers\STM32L1xx_HAL_Driver\Src\stm32l1xx_hal_rcc_ex.o
 .debug_line    0x00000000      0x466 Drivers\STM32L1xx_HAL_Driver\Src\stm32l1xx_hal_rcc_ex.o
 .debug_str     0x00000000      0x8c7 Drivers\STM32L1xx_HAL_Driver\Src\stm32l1xx_hal_rcc_ex.o
 .comment       0x00000000       0x7d Drivers\STM32L1xx_HAL_Driver\Src\stm32l1xx_hal_rcc_ex.o
 .debug_frame   0x00000000       0xb0 Drivers\STM32L1xx_HAL_Driver\Src\stm32l1xx_hal_rcc_ex.o
 .ARM.attributes
                0x00000000       0x33 Drivers\STM32L1xx_HAL_Driver\Src\stm32l1xx_hal_rcc_ex.o
 .text          0x00000000        0x0 Drivers\STM32L1xx_HAL_Driver\Src\stm32l1xx_hal_tim.o
 .data          0x00000000        0x0 Drivers\STM32L1xx_HAL_Driver\Src\stm32l1xx_hal_tim.o
 .bss           0x00000000        0x0 Drivers\STM32L1xx_HAL_Driver\Src\stm32l1xx_hal_tim.o
 .debug_info    0x00000000      0x947 Drivers\STM32L1xx_HAL_Driver\Src\stm32l1xx_hal_tim.o
 .debug_abbrev  0x00000000      0x15c Drivers\STM32L1xx_HAL_Driver\Src\stm32l1xx_hal_tim.o
 .debug_aranges
                0x00000000       0x18 Drivers\STM32L1xx_HAL_Driver\Src\stm32l1xx_hal_tim.o
 .debug_line    0x00000000      0x203 Drivers\STM32L1xx_HAL_Driver\Src\stm32l1xx_hal_tim.o
 .debug_str     0x00000000      0x640 Drivers\STM32L1xx_HAL_Driver\Src\stm32l1xx_hal_tim.o
 .comment       0x00000000       0x7d Drivers\STM32L1xx_HAL_Driver\Src\stm32l1xx_hal_tim.o
 .ARM.attributes
                0x00000000       0x33 Drivers\STM32L1xx_HAL_Driver\Src\stm32l1xx_hal_tim.o
 .text          0x00000000        0x0 Drivers\STM32L1xx_HAL_Driver\Src\stm32l1xx_hal_tim_ex.o
 .data          0x00000000        0x0 Drivers\STM32L1xx_HAL_Driver\Src\stm32l1xx_hal_tim_ex.o
 .bss           0x00000000        0x0 Drivers\STM32L1xx_HAL_Driver\Src\stm32l1xx_hal_tim_ex.o
 .debug_info    0x00000000      0x947 Drivers\STM32L1xx_HAL_Driver\Src\stm32l1xx_hal_tim_ex.o
 .debug_abbrev  0x00000000      0x15c Drivers\STM32L1xx_HAL_Driver\Src\stm32l1xx_hal_tim_ex.o
 .debug_aranges
                0x00000000       0x18 Drivers\STM32L1xx_HAL_Driver\Src\stm32l1xx_hal_tim_ex.o
 .debug_line    0x00000000      0x203 Drivers\STM32L1xx_HAL_Driver\Src\stm32l1xx_hal_tim_ex.o
 .debug_str     0x00000000      0x643 Drivers\STM32L1xx_HAL_Driver\Src\stm32l1xx_hal_tim_ex.o
 .comment       0x00000000       0x7d Drivers\STM32L1xx_HAL_Driver\Src\stm32l1xx_hal_tim_ex.o
 .ARM.attributes
                0x00000000       0x33 Drivers\STM32L1xx_HAL_Driver\Src\stm32l1xx_hal_tim_ex.o
 .text          0x00000000        0x0 Src\gpio.o
 .data          0x00000000        0x0 Src\gpio.o
 .bss           0x00000000        0x0 Src\gpio.o
 .text          0x00000000        0x0 Src\main.o
 .data          0x00000000        0x0 Src\main.o
 .bss           0x00000000        0x0 Src\main.o
 .text._Error_Handler
                0x00000000        0x2 Src\main.o
 .text          0x00000000        0x0 Src\stm32l1xx_hal_msp.o
 .data          0x00000000        0x0 Src\stm32l1xx_hal_msp.o
 .bss           0x00000000        0x0 Src\stm32l1xx_hal_msp.o
 .text          0x00000000        0x0 Src\stm32l1xx_it.o
 .data          0x00000000        0x0 Src\stm32l1xx_it.o
 .bss           0x00000000        0x0 Src\stm32l1xx_it.o
 .text          0x00000000        0x0 Src\system_stm32l1xx.o
 .data          0x00000000        0x0 Src\system_stm32l1xx.o
 .bss           0x00000000        0x0 Src\system_stm32l1xx.o
 .text.SystemCoreClockUpdate
                0x00000000       0x90 Src\system_stm32l1xx.o
 .rodata.APBPrescTable
                0x00000000        0x8 Src\system_stm32l1xx.o
 .text          0x00000000       0x14 startup\startup_stm32l152xc.o
 .data          0x00000000        0x0 startup\startup_stm32l152xc.o
 .bss           0x00000000        0x0 startup\startup_stm32l152xc.o
 .text          0x00000000        0x0 c:/program files (x86)/atollic/truestudio for stm32 9.0.0/armtools/bin/../lib/gcc/arm-atollic-eabi/6.3.1/../../../../arm-atollic-eabi/lib/armv7-m\libc_nano.a(lib_a-init.o)
 .data          0x00000000        0x0 c:/program files (x86)/atollic/truestudio for stm32 9.0.0/armtools/bin/../lib/gcc/arm-atollic-eabi/6.3.1/../../../../arm-atollic-eabi/lib/armv7-m\libc_nano.a(lib_a-init.o)
 .bss           0x00000000        0x0 c:/program files (x86)/atollic/truestudio for stm32 9.0.0/armtools/bin/../lib/gcc/arm-atollic-eabi/6.3.1/../../../../arm-atollic-eabi/lib/armv7-m\libc_nano.a(lib_a-init.o)
 .text          0x00000000        0x0 c:/program files (x86)/atollic/truestudio for stm32 9.0.0/armtools/bin/../lib/gcc/arm-atollic-eabi/6.3.1/armv7-m/crtend.o
 .data          0x00000000        0x0 c:/program files (x86)/atollic/truestudio for stm32 9.0.0/armtools/bin/../lib/gcc/arm-atollic-eabi/6.3.1/armv7-m/crtend.o
 .bss           0x00000000        0x0 c:/program files (x86)/atollic/truestudio for stm32 9.0.0/armtools/bin/../lib/gcc/arm-atollic-eabi/6.3.1/armv7-m/crtend.o
 .eh_frame      0x00000000        0x4 c:/program files (x86)/atollic/truestudio for stm32 9.0.0/armtools/bin/../lib/gcc/arm-atollic-eabi/6.3.1/armv7-m/crtend.o
 .ARM.attributes
                0x00000000       0x2d c:/program files (x86)/atollic/truestudio for stm32 9.0.0/armtools/bin/../lib/gcc/arm-atollic-eabi/6.3.1/armv7-m/crtend.o
 .text          0x00000000        0x0 c:/program files (x86)/atollic/truestudio for stm32 9.0.0/armtools/bin/../lib/gcc/arm-atollic-eabi/6.3.1/armv7-m/crtn.o
 .data          0x00000000        0x0 c:/program files (x86)/atollic/truestudio for stm32 9.0.0/armtools/bin/../lib/gcc/arm-atollic-eabi/6.3.1/armv7-m/crtn.o
 .bss           0x00000000        0x0 c:/program files (x86)/atollic/truestudio for stm32 9.0.0/armtools/bin/../lib/gcc/arm-atollic-eabi/6.3.1/armv7-m/crtn.o

Memory Configuration

Name             Origin             Length             Attributes
RAM              0x20000000         0x00008000         xrw
FLASH            0x08000000         0x00040000         xr
*default*        0x00000000         0xffffffff

Linker script and memory map

LOAD c:/program files (x86)/atollic/truestudio for stm32 9.0.0/armtools/bin/../lib/gcc/arm-atollic-eabi/6.3.1/armv7-m/crti.o
LOAD c:/program files (x86)/atollic/truestudio for stm32 9.0.0/armtools/bin/../lib/gcc/arm-atollic-eabi/6.3.1/armv7-m/crtbegin.o
LOAD Drivers\STM32L1xx_HAL_Driver\Src\stm32l1xx_hal.o
LOAD Drivers\STM32L1xx_HAL_Driver\Src\stm32l1xx_hal_cortex.o
LOAD Drivers\STM32L1xx_HAL_Driver\Src\stm32l1xx_hal_dma.o
LOAD Drivers\STM32L1xx_HAL_Driver\Src\stm32l1xx_hal_flash.o
LOAD Drivers\STM32L1xx_HAL_Driver\Src\stm32l1xx_hal_flash_ex.o
LOAD Drivers\STM32L1xx_HAL_Driver\Src\stm32l1xx_hal_flash_ramfunc.o
LOAD Drivers\STM32L1xx_HAL_Driver\Src\stm32l1xx_hal_gpio.o
LOAD Drivers\STM32L1xx_HAL_Driver\Src\stm32l1xx_hal_pwr.o
LOAD Drivers\STM32L1xx_HAL_Driver\Src\stm32l1xx_hal_pwr_ex.o
LOAD Drivers\STM32L1xx_HAL_Driver\Src\stm32l1xx_hal_rcc.o
LOAD Drivers\STM32L1xx_HAL_Driver\Src\stm32l1xx_hal_rcc_ex.o
LOAD Drivers\STM32L1xx_HAL_Driver\Src\stm32l1xx_hal_tim.o
LOAD Drivers\STM32L1xx_HAL_Driver\Src\stm32l1xx_hal_tim_ex.o
LOAD Src\gpio.o
LOAD Src\main.o
LOAD Src\stm32l1xx_hal_msp.o
LOAD Src\stm32l1xx_it.o
LOAD Src\system_stm32l1xx.o
LOAD startup\startup_stm32l152xc.o
                0x00000080                malloc_getpagesize_P = 0x80
START GROUP
LOAD c:/program files (x86)/atollic/truestudio for stm32 9.0.0/armtools/bin/../lib/gcc/arm-atollic-eabi/6.3.1/../../../../arm-atollic-eabi/lib/armv7-m\libc_nano.a
LOAD c:/program files (x86)/atollic/truestudio for stm32 9.0.0/armtools/bin/../lib/gcc/arm-atollic-eabi/6.3.1/../../../../arm-atollic-eabi/lib/armv7-m\libm.a
END GROUP
START GROUP
LOAD c:/program files (x86)/atollic/truestudio for stm32 9.0.0/armtools/bin/../lib/gcc/arm-atollic-eabi/6.3.1/armv7-m\libgcc.a
LOAD c:/program files (x86)/atollic/truestudio for stm32 9.0.0/armtools/bin/../lib/gcc/arm-atollic-eabi/6.3.1/../../../../arm-atollic-eabi/lib/armv7-m\libc_nano.a
END GROUP
START GROUP
LOAD c:/program files (x86)/atollic/truestudio for stm32 9.0.0/armtools/bin/../lib/gcc/arm-atollic-eabi/6.3.1/armv7-m\libgcc.a
LOAD c:/program files (x86)/atollic/truestudio for stm32 9.0.0/armtools/bin/../lib/gcc/arm-atollic-eabi/6.3.1/../../../../arm-atollic-eabi/lib/armv7-m\libc_nano.a
LOAD c:/program files (x86)/atollic/truestudio for stm32 9.0.0/armtools/bin/../lib/gcc/arm-atollic-eabi/6.3.1/../../../../arm-atollic-eabi/lib/armv7-m\libnosys.a
END GROUP
START GROUP
LOAD c:/program files (x86)/atollic/truestudio for stm32 9.0.0/armtools/bin/../lib/gcc/arm-atollic-eabi/6.3.1/armv7-m\libgcc.a
LOAD c:/program files (x86)/atollic/truestudio for stm32 9.0.0/armtools/bin/../lib/gcc/arm-atollic-eabi/6.3.1/../../../../arm-atollic-eabi/lib/armv7-m\libc_nano.a
LOAD c:/program files (x86)/atollic/truestudio for stm32 9.0.0/armtools/bin/../lib/gcc/arm-atollic-eabi/6.3.1/../../../../arm-atollic-eabi/lib/armv7-m\libnosys.a
END GROUP
LOAD c:/program files (x86)/atollic/truestudio for stm32 9.0.0/armtools/bin/../lib/gcc/arm-atollic-eabi/6.3.1/armv7-m/crtend.o
LOAD c:/program files (x86)/atollic/truestudio for stm32 9.0.0/armtools/bin/../lib/gcc/arm-atollic-eabi/6.3.1/armv7-m/crtn.o
                0x20008000                _estack = 0x20008000
                0x00000200                _Min_Heap_Size = 0x200
                0x00000400                _Min_Stack_Size = 0x400

.isr_vector     0x08000000      0x13c
                0x08000000                . = ALIGN (0x4)
 *(.isr_vector)
 .isr_vector    0x08000000      0x13c startup\startup_stm32l152xc.o
                0x08000000                g_pfnVectors
                0x0800013c                . = ALIGN (0x4)

.text           0x0800013c     0x106c
                0x0800013c                . = ALIGN (0x4)
 *(.text)
 .text          0x0800013c       0x40 c:/program files (x86)/atollic/truestudio for stm32 9.0.0/armtools/bin/../lib/gcc/arm-atollic-eabi/6.3.1/armv7-m/crtbegin.o
 *(.text*)
 .text.HAL_InitTick
                0x0800017c       0x28 Drivers\STM32L1xx_HAL_Driver\Src\stm32l1xx_hal.o
                0x0800017c                HAL_InitTick
 .text.HAL_Init
                0x080001a4       0x16 Drivers\STM32L1xx_HAL_Driver\Src\stm32l1xx_hal.o
                0x080001a4                HAL_Init
 *fill*         0x080001ba        0x2 
 .text.HAL_IncTick
                0x080001bc       0x10 Drivers\STM32L1xx_HAL_Driver\Src\stm32l1xx_hal.o
                0x080001bc                HAL_IncTick
 .text.HAL_GetTick
                0x080001cc        0xc Drivers\STM32L1xx_HAL_Driver\Src\stm32l1xx_hal.o
                0x080001cc                HAL_GetTick
 .text.HAL_Delay
                0x080001d8       0x1a Drivers\STM32L1xx_HAL_Driver\Src\stm32l1xx_hal.o
                0x080001d8                HAL_Delay
 *fill*         0x080001f2        0x2 
 .text.HAL_NVIC_SetPriorityGrouping
                0x080001f4       0x24 Drivers\STM32L1xx_HAL_Driver\Src\stm32l1xx_hal_cortex.o
                0x080001f4                HAL_NVIC_SetPriorityGrouping
 .text.HAL_NVIC_SetPriority
                0x08000218       0x68 Drivers\STM32L1xx_HAL_Driver\Src\stm32l1xx_hal_cortex.o
                0x08000218                HAL_NVIC_SetPriority
 .text.HAL_SYSTICK_Config
                0x08000280       0x2c Drivers\STM32L1xx_HAL_Driver\Src\stm32l1xx_hal_cortex.o
                0x08000280                HAL_SYSTICK_Config
 .text.HAL_SYSTICK_CLKSourceConfig
                0x080002ac       0x18 Drivers\STM32L1xx_HAL_Driver\Src\stm32l1xx_hal_cortex.o
                0x080002ac                HAL_SYSTICK_CLKSourceConfig
 .text.HAL_SYSTICK_Callback
                0x080002c4        0x2 Drivers\STM32L1xx_HAL_Driver\Src\stm32l1xx_hal_cortex.o
                0x080002c4                HAL_SYSTICK_Callback
 .text.HAL_SYSTICK_IRQHandler
                0x080002c6        0x8 Drivers\STM32L1xx_HAL_Driver\Src\stm32l1xx_hal_cortex.o
                0x080002c6                HAL_SYSTICK_IRQHandler
 *fill*         0x080002ce        0x2 
 .text.HAL_GPIO_Init
                0x080002d0      0x19c Drivers\STM32L1xx_HAL_Driver\Src\stm32l1xx_hal_gpio.o
                0x080002d0                HAL_GPIO_Init
 .text.HAL_GPIO_WritePin
                0x0800046c        0xa Drivers\STM32L1xx_HAL_Driver\Src\stm32l1xx_hal_gpio.o
                0x0800046c                HAL_GPIO_WritePin
 .text.HAL_GPIO_TogglePin
                0x08000476        0x8 Drivers\STM32L1xx_HAL_Driver\Src\stm32l1xx_hal_gpio.o
                0x08000476                HAL_GPIO_TogglePin
 *fill*         0x0800047e        0x2 
 .text.RCC_SetFlashLatencyFromMSIRange
                0x08000480       0x80 Drivers\STM32L1xx_HAL_Driver\Src\stm32l1xx_hal_rcc.o
 .text.HAL_RCC_OscConfig
                0x08000500      0x6a8 Drivers\STM32L1xx_HAL_Driver\Src\stm32l1xx_hal_rcc.o
                0x08000500                HAL_RCC_OscConfig
 .text.HAL_RCC_GetSysClockFreq
                0x08000ba8       0x8c Drivers\STM32L1xx_HAL_Driver\Src\stm32l1xx_hal_rcc.o
                0x08000ba8                HAL_RCC_GetSysClockFreq
 .text.HAL_RCC_ClockConfig
                0x08000c34      0x1bc Drivers\STM32L1xx_HAL_Driver\Src\stm32l1xx_hal_rcc.o
                0x08000c34                HAL_RCC_ClockConfig
 .text.HAL_RCC_GetHCLKFreq
                0x08000df0        0xc Drivers\STM32L1xx_HAL_Driver\Src\stm32l1xx_hal_rcc.o
                0x08000df0                HAL_RCC_GetHCLKFreq
 .text.MX_GPIO_Init
                0x08000dfc      0x150 Src\gpio.o
                0x08000dfc                MX_GPIO_Init
 .text.SystemClock_Config
                0x08000f4c       0x80 Src\main.o
                0x08000f4c                SystemClock_Config
 .text.startup.main
                0x08000fcc       0x38 Src\main.o
                0x08000fcc                main
 .text.HAL_MspInit
                0x08001004       0xa0 Src\stm32l1xx_hal_msp.o
                0x08001004                HAL_MspInit
 .text.SysTick_Handler
                0x080010a4        0xe Src\stm32l1xx_it.o
                0x080010a4                SysTick_Handler
 *fill*         0x080010b2        0x2 
 .text.SystemInit
                0x080010b4       0x48 Src\system_stm32l1xx.o
                0x080010b4                SystemInit
 .text.Reset_Handler
                0x080010fc       0x48 startup\startup_stm32l152xc.o
                0x080010fc                Reset_Handler
 .text.Default_Handler
                0x08001144        0x2 startup\startup_stm32l152xc.o
                0x08001144                RTC_Alarm_IRQHandler
                0x08001144                EXTI2_IRQHandler
                0x08001144                COMP_ACQ_IRQHandler
                0x08001144                DebugMon_Handler
                0x08001144                HardFault_Handler
                0x08001144                TIM10_IRQHandler
                0x08001144                USB_HP_IRQHandler
                0x08001144                TIM6_IRQHandler
                0x08001144                PVD_IRQHandler
                0x08001144                PendSV_Handler
                0x08001144                NMI_Handler
                0x08001144                EXTI3_IRQHandler
                0x08001144                EXTI0_IRQHandler
                0x08001144                I2C2_EV_IRQHandler
                0x08001144                UsageFault_Handler
                0x08001144                SPI1_IRQHandler
                0x08001144                USB_FS_WKUP_IRQHandler
                0x08001144                DMA2_Channel2_IRQHandler
                0x08001144                DMA1_Channel4_IRQHandler
                0x08001144                ADC1_IRQHandler
                0x08001144                USART3_IRQHandler
                0x08001144                DMA1_Channel7_IRQHandler
                0x08001144                LCD_IRQHandler
                0x08001144                TIM4_IRQHandler
                0x08001144                DMA2_Channel1_IRQHandler
                0x08001144                I2C1_EV_IRQHandler
                0x08001144                DMA1_Channel6_IRQHandler
                0x08001144                DMA2_Channel4_IRQHandler
                0x08001144                TIM3_IRQHandler
                0x08001144                RCC_IRQHandler
                0x08001144                DMA1_Channel1_IRQHandler
                0x08001144                Default_Handler
                0x08001144                EXTI15_10_IRQHandler
                0x08001144                TIM7_IRQHandler
                0x08001144                TIM5_IRQHandler
                0x08001144                EXTI9_5_IRQHandler
                0x08001144                TIM9_IRQHandler
                0x08001144                TAMPER_STAMP_IRQHandler
                0x08001144                RTC_WKUP_IRQHandler
                0x08001144                SPI2_IRQHandler
                0x08001144                MemManage_Handler
                0x08001144                SVC_Handler
                0x08001144                DMA2_Channel5_IRQHandler
                0x08001144                DMA1_Channel5_IRQHandler
                0x08001144                USB_LP_IRQHandler
                0x08001144                EXTI4_IRQHandler
                0x08001144                DMA1_Channel3_IRQHandler
                0x08001144                COMP_IRQHandler
                0x08001144                WWDG_IRQHandler
                0x08001144                TIM2_IRQHandler
                0x08001144                DAC_IRQHandler
                0x08001144                EXTI1_IRQHandler
                0x08001144                TIM11_IRQHandler
                0x08001144                USART2_IRQHandler
                0x08001144                I2C2_ER_IRQHandler
                0x08001144                DMA1_Channel2_IRQHandler
                0x08001144                FLASH_IRQHandler
                0x08001144                BusFault_Handler
                0x08001144                USART1_IRQHandler
                0x08001144                SPI3_IRQHandler
                0x08001144                I2C1_ER_IRQHandler
                0x08001144                DMA2_Channel3_IRQHandler
 *fill*         0x08001146        0x2 
 .text.__libc_init_array
                0x08001148       0x48 c:/program files (x86)/atollic/truestudio for stm32 9.0.0/armtools/bin/../lib/gcc/arm-atollic-eabi/6.3.1/../../../../arm-atollic-eabi/lib/armv7-m\libc_nano.a(lib_a-init.o)
                0x08001148                __libc_init_array
 *(.glue_7)
 .glue_7        0x08001190        0x0 linker stubs
 *(.glue_7t)
 .glue_7t       0x08001190        0x0 linker stubs
 *(.eh_frame)
 .eh_frame      0x08001190        0x0 c:/program files (x86)/atollic/truestudio for stm32 9.0.0/armtools/bin/../lib/gcc/arm-atollic-eabi/6.3.1/armv7-m/crtbegin.o
 *(.init)
 .init          0x08001190        0x4 c:/program files (x86)/atollic/truestudio for stm32 9.0.0/armtools/bin/../lib/gcc/arm-atollic-eabi/6.3.1/armv7-m/crti.o
                0x08001190                _init
 .init          0x08001194        0x8 c:/program files (x86)/atollic/truestudio for stm32 9.0.0/armtools/bin/../lib/gcc/arm-atollic-eabi/6.3.1/armv7-m/crtn.o
 *(.fini)
 .fini          0x0800119c        0x4 c:/program files (x86)/atollic/truestudio for stm32 9.0.0/armtools/bin/../lib/gcc/arm-atollic-eabi/6.3.1/armv7-m/crti.o
                0x0800119c                _fini
 .fini          0x080011a0        0x8 c:/program files (x86)/atollic/truestudio for stm32 9.0.0/armtools/bin/../lib/gcc/arm-atollic-eabi/6.3.1/armv7-m/crtn.o
                0x080011a8                . = ALIGN (0x4)
                0x080011a8                _etext = .

.vfp11_veneer   0x080011a8        0x0
 .vfp11_veneer  0x080011a8        0x0 linker stubs

.v4_bx          0x080011a8        0x0
 .v4_bx         0x080011a8        0x0 linker stubs

.iplt           0x080011a8        0x0
 .iplt          0x080011a8        0x0 c:/program files (x86)/atollic/truestudio for stm32 9.0.0/armtools/bin/../lib/gcc/arm-atollic-eabi/6.3.1/armv7-m/crtbegin.o

.rodata         0x080011a8       0x1c
                0x080011a8                . = ALIGN (0x4)
 *(.rodata)
 *(.rodata*)
 .rodata.AHBPrescTable
                0x080011a8       0x10 Src\system_stm32l1xx.o
                0x080011a8                AHBPrescTable
 .rodata.PLLMulTable
                0x080011b8        0x9 Src\system_stm32l1xx.o
                0x080011b8                PLLMulTable
                0x080011c4                . = ALIGN (0x4)
 *fill*         0x080011c1        0x3 

.rel.dyn        0x080011c4        0x0
 .rel.iplt      0x080011c4        0x0 c:/program files (x86)/atollic/truestudio for stm32 9.0.0/armtools/bin/../lib/gcc/arm-atollic-eabi/6.3.1/armv7-m/crtbegin.o

.ARM.extab
 *(.ARM.extab* .gnu.linkonce.armextab.*)

.ARM            0x080011c4        0x0
                0x080011c4                __exidx_start = .
 *(.ARM.exidx*)
                0x080011c4                __exidx_end = .

.preinit_array  0x080011c4        0x0
                0x080011c4                PROVIDE (__preinit_array_start, .)
 *(.preinit_array*)
                0x080011c4                PROVIDE (__preinit_array_end, .)

.init_array     0x080011c4        0x4
                0x080011c4                PROVIDE (__init_array_start, .)
 *(SORT(.init_array.*))
 *(.init_array*)
 .init_array    0x080011c4        0x4 c:/program files (x86)/atollic/truestudio for stm32 9.0.0/armtools/bin/../lib/gcc/arm-atollic-eabi/6.3.1/armv7-m/crtbegin.o
                0x080011c8                PROVIDE (__init_array_end, .)

.fini_array     0x080011c8        0x4
                [!provide]                PROVIDE (__fini_array_start, .)
 *(SORT(.fini_array.*))
 *(.fini_array*)
 .fini_array    0x080011c8        0x4 c:/program files (x86)/atollic/truestudio for stm32 9.0.0/armtools/bin/../lib/gcc/arm-atollic-eabi/6.3.1/armv7-m/crtbegin.o
                [!provide]                PROVIDE (__fini_array_end, .)
                0x080011cc                _sidata = LOADADDR (.data)

.data           0x20000000        0x4 load address 0x080011cc
                0x20000000                . = ALIGN (0x4)
                0x20000000                _sdata = .
 *(.data)
 *(.data*)
 .data.SystemCoreClock
                0x20000000        0x4 Src\system_stm32l1xx.o
                0x20000000                SystemCoreClock
                0x20000004                . = ALIGN (0x4)
                0x20000004                _edata = .

.igot.plt       0x20000004        0x0 load address 0x080011d0
 .igot.plt      0x20000004        0x0 c:/program files (x86)/atollic/truestudio for stm32 9.0.0/armtools/bin/../lib/gcc/arm-atollic-eabi/6.3.1/armv7-m/crtbegin.o
                0x20000004                . = ALIGN (0x4)

.bss            0x20000004       0x20 load address 0x080011d0
                0x20000004                _sbss = .
                0x20000004                __bss_start__ = _sbss
 *(.bss)
 .bss           0x20000004       0x1c c:/program files (x86)/atollic/truestudio for stm32 9.0.0/armtools/bin/../lib/gcc/arm-atollic-eabi/6.3.1/armv7-m/crtbegin.o
 *(.bss*)
 *(COMMON)
 COMMON         0x20000020        0x4 Drivers\STM32L1xx_HAL_Driver\Src\stm32l1xx_hal.o
                0x20000020                uwTick
                0x20000024                . = ALIGN (0x4)
                0x20000024                _ebss = .
                0x20000024                __bss_end__ = _ebss

._user_heap_stack
                0x20000024      0x600 load address 0x080011d0
                0x20000024                . = ALIGN (0x4)
                [!provide]                PROVIDE (end, .)
                [!provide]                PROVIDE (_end, .)
                0x20000224                . = (. + _Min_Heap_Size)
 *fill*         0x20000024      0x200 
                0x20000624                . = (. + _Min_Stack_Size)
 *fill*         0x20000224      0x400 
                0x20000624                . = ALIGN (0x4)

/DISCARD/
 libc.a(*)
 libm.a(*)
 libgcc.a(*)

.ARM.attributes
                0x00000000       0x29
 *(.ARM.attributes)
 .ARM.attributes
                0x00000000       0x1d c:/program files (x86)/atollic/truestudio for stm32 9.0.0/armtools/bin/../lib/gcc/arm-atollic-eabi/6.3.1/armv7-m/crti.o
 .ARM.attributes
                0x0000001d       0x2d c:/program files (x86)/atollic/truestudio for stm32 9.0.0/armtools/bin/../lib/gcc/arm-atollic-eabi/6.3.1/armv7-m/crtbegin.o
 .ARM.attributes
                0x0000004a       0x33 Drivers\STM32L1xx_HAL_Driver\Src\stm32l1xx_hal.o
 .ARM.attributes
                0x0000007d       0x33 Drivers\STM32L1xx_HAL_Driver\Src\stm32l1xx_hal_cortex.o
 .ARM.attributes
                0x000000b0       0x33 Drivers\STM32L1xx_HAL_Driver\Src\stm32l1xx_hal_gpio.o
 .ARM.attributes
                0x000000e3       0x33 Drivers\STM32L1xx_HAL_Driver\Src\stm32l1xx_hal_rcc.o
 .ARM.attributes
                0x00000116       0x33 Src\gpio.o
 .ARM.attributes
                0x00000149       0x33 Src\main.o
 .ARM.attributes
                0x0000017c       0x33 Src\stm32l1xx_hal_msp.o
 .ARM.attributes
                0x000001af       0x33 Src\stm32l1xx_it.o
 .ARM.attributes
                0x000001e2       0x33 Src\system_stm32l1xx.o
 .ARM.attributes
                0x00000215       0x21 startup\startup_stm32l152xc.o
 .ARM.attributes
                0x00000236       0x2d c:/program files (x86)/atollic/truestudio for stm32 9.0.0/armtools/bin/../lib/gcc/arm-atollic-eabi/6.3.1/../../../../arm-atollic-eabi/lib/armv7-m\libc_nano.a(lib_a-init.o)
 .ARM.attributes
                0x00000263       0x1d c:/program files (x86)/atollic/truestudio for stm32 9.0.0/armtools/bin/../lib/gcc/arm-atollic-eabi/6.3.1/armv7-m/crtn.o
OUTPUT(STM32L105RCLEDFLASH.elf elf32-littlearm)

.debug_info     0x00000000     0x91e4
 .debug_info    0x00000000      0xeb7 Drivers\STM32L1xx_HAL_Driver\Src\stm32l1xx_hal.o
 .debug_info    0x00000eb7     0x16c5 Drivers\STM32L1xx_HAL_Driver\Src\stm32l1xx_hal_cortex.o
 .debug_info    0x0000257c      0xe9c Drivers\STM32L1xx_HAL_Driver\Src\stm32l1xx_hal_gpio.o
 .debug_info    0x00003418     0x1e43 Drivers\STM32L1xx_HAL_Driver\Src\stm32l1xx_hal_rcc.o
 .debug_info    0x0000525b      0xd11 Src\gpio.o
 .debug_info    0x00005f6c      0xf0f Src\main.o
 .debug_info    0x00006e7b      0xcff Src\stm32l1xx_hal_msp.o
 .debug_info    0x00007b7a      0x98f Src\stm32l1xx_it.o
 .debug_info    0x00008509      0xc69 Src\system_stm32l1xx.o
 .debug_info    0x00009172       0x72 startup\startup_stm32l152xc.o

.debug_abbrev   0x00000000     0x15db
 .debug_abbrev  0x00000000      0x2a4 Drivers\STM32L1xx_HAL_Driver\Src\stm32l1xx_hal.o
 .debug_abbrev  0x000002a4      0x386 Drivers\STM32L1xx_HAL_Driver\Src\stm32l1xx_hal_cortex.o
 .debug_abbrev  0x0000062a      0x268 Drivers\STM32L1xx_HAL_Driver\Src\stm32l1xx_hal_gpio.o
 .debug_abbrev  0x00000892      0x37e Drivers\STM32L1xx_HAL_Driver\Src\stm32l1xx_hal_rcc.o
 .debug_abbrev  0x00000c10      0x1ec Src\gpio.o
 .debug_abbrev  0x00000dfc      0x25f Src\main.o
 .debug_abbrev  0x0000105b      0x200 Src\stm32l1xx_hal_msp.o
 .debug_abbrev  0x0000125b      0x1a4 Src\stm32l1xx_it.o
 .debug_abbrev  0x000013ff      0x1ca Src\system_stm32l1xx.o
 .debug_abbrev  0x000015c9       0x12 startup\startup_stm32l152xc.o

.debug_loc      0x00000000     0x1400
 .debug_loc     0x00000000       0x6a Drivers\STM32L1xx_HAL_Driver\Src\stm32l1xx_hal.o
 .debug_loc     0x0000006a      0x48c Drivers\STM32L1xx_HAL_Driver\Src\stm32l1xx_hal_cortex.o
 .debug_loc     0x000004f6      0x2df Drivers\STM32L1xx_HAL_Driver\Src\stm32l1xx_hal_gpio.o
 .debug_loc     0x000007d5      0xaf6 Drivers\STM32L1xx_HAL_Driver\Src\stm32l1xx_hal_rcc.o
 .debug_loc     0x000012cb      0x135 Src\system_stm32l1xx.o

.debug_aranges  0x00000000      0x318
 .debug_aranges
                0x00000000       0xa8 Drivers\STM32L1xx_HAL_Driver\Src\stm32l1xx_hal.o
 .debug_aranges
                0x000000a8       0xa8 Drivers\STM32L1xx_HAL_Driver\Src\stm32l1xx_hal_cortex.o
 .debug_aranges
                0x00000150       0x58 Drivers\STM32L1xx_HAL_Driver\Src\stm32l1xx_hal_gpio.o
 .debug_aranges
                0x000001a8       0x90 Drivers\STM32L1xx_HAL_Driver\Src\stm32l1xx_hal_rcc.o
 .debug_aranges
                0x00000238       0x20 Src\gpio.o
 .debug_aranges
                0x00000258       0x30 Src\main.o
 .debug_aranges
                0x00000288       0x20 Src\stm32l1xx_hal_msp.o
 .debug_aranges
                0x000002a8       0x20 Src\stm32l1xx_it.o
 .debug_aranges
                0x000002c8       0x28 Src\system_stm32l1xx.o
 .debug_aranges
                0x000002f0       0x28 startup\startup_stm32l152xc.o

.debug_ranges   0x00000000      0x5f0
 .debug_ranges  0x00000000       0x98 Drivers\STM32L1xx_HAL_Driver\Src\stm32l1xx_hal.o
 .debug_ranges  0x00000098      0x140 Drivers\STM32L1xx_HAL_Driver\Src\stm32l1xx_hal_cortex.o
 .debug_ranges  0x000001d8       0x68 Drivers\STM32L1xx_HAL_Driver\Src\stm32l1xx_hal_gpio.o
 .debug_ranges  0x00000240      0x2a8 Drivers\STM32L1xx_HAL_Driver\Src\stm32l1xx_hal_rcc.o
 .debug_ranges  0x000004e8       0x78 Src\gpio.o
 .debug_ranges  0x00000560       0x20 Src\main.o
 .debug_ranges  0x00000580       0x28 Src\stm32l1xx_hal_msp.o
 .debug_ranges  0x000005a8       0x10 Src\stm32l1xx_it.o
 .debug_ranges  0x000005b8       0x18 Src\system_stm32l1xx.o
 .debug_ranges  0x000005d0       0x20 startup\startup_stm32l152xc.o

.debug_line     0x00000000     0x2598
 .debug_line    0x00000000      0x3ed Drivers\STM32L1xx_HAL_Driver\Src\stm32l1xx_hal.o
 .debug_line    0x000003ed      0x4e4 Drivers\STM32L1xx_HAL_Driver\Src\stm32l1xx_hal_cortex.o
 .debug_line    0x000008d1      0x473 Drivers\STM32L1xx_HAL_Driver\Src\stm32l1xx_hal_gpio.o
 .debug_line    0x00000d44      0xa34 Drivers\STM32L1xx_HAL_Driver\Src\stm32l1xx_hal_rcc.o
 .debug_line    0x00001778      0x2dd Src\gpio.o
 .debug_line    0x00001a55      0x338 Src\main.o
 .debug_line    0x00001d8d      0x28d Src\stm32l1xx_hal_msp.o
 .debug_line    0x0000201a      0x27f Src\stm32l1xx_it.o
 .debug_line    0x00002299      0x282 Src\system_stm32l1xx.o
 .debug_line    0x0000251b       0x7d startup\startup_stm32l152xc.o

.debug_str      0x00000000     0x1608
 .debug_str     0x00000000      0xb9b Drivers\STM32L1xx_HAL_Driver\Src\stm32l1xx_hal.o
                                0xc2b (size before relaxing)
 .debug_str     0x00000b9b      0x40d Drivers\STM32L1xx_HAL_Driver\Src\stm32l1xx_hal_cortex.o
                                0xecd (size before relaxing)
 .debug_str     0x00000fa8      0x1cd Drivers\STM32L1xx_HAL_Driver\Src\stm32l1xx_hal_gpio.o
                                0x899 (size before relaxing)
 .debug_str     0x00001175      0x391 Drivers\STM32L1xx_HAL_Driver\Src\stm32l1xx_hal_rcc.o
                                0xafb (size before relaxing)
 .debug_str     0x00001506       0x2b Src\gpio.o
                                0x74c (size before relaxing)
 .debug_str     0x00001531       0x3a Src\main.o
                                0xbea (size before relaxing)
 .debug_str     0x0000156b       0x1b Src\stm32l1xx_hal_msp.o
                                0xa14 (size before relaxing)
 .debug_str     0x00001586       0x26 Src\stm32l1xx_it.o
                                0x651 (size before relaxing)
 .debug_str     0x000015ac       0x5c Src\system_stm32l1xx.o
                                0x727 (size before relaxing)

.comment        0x00000000       0x7c
 .comment       0x00000000       0x7c Drivers\STM32L1xx_HAL_Driver\Src\stm32l1xx_hal.o
                                 0x7d (size before relaxing)
 .comment       0x0000007c       0x7d Drivers\STM32L1xx_HAL_Driver\Src\stm32l1xx_hal_cortex.o
 .comment       0x0000007c       0x7d Drivers\STM32L1xx_HAL_Driver\Src\stm32l1xx_hal_gpio.o
 .comment       0x0000007c       0x7d Drivers\STM32L1xx_HAL_Driver\Src\stm32l1xx_hal_rcc.o
 .comment       0x0000007c       0x7d Src\gpio.o
 .comment       0x0000007c       0x7d Src\main.o
 .comment       0x0000007c       0x7d Src\stm32l1xx_hal_msp.o
 .comment       0x0000007c       0x7d Src\stm32l1xx_it.o
 .comment       0x0000007c       0x7d Src\system_stm32l1xx.o

.debug_frame    0x00000000      0x644
 .debug_frame   0x00000000      0x164 Drivers\STM32L1xx_HAL_Driver\Src\stm32l1xx_hal.o
 .debug_frame   0x00000164      0x158 Drivers\STM32L1xx_HAL_Driver\Src\stm32l1xx_hal_cortex.o
 .debug_frame   0x000002bc       0xd8 Drivers\STM32L1xx_HAL_Driver\Src\stm32l1xx_hal_gpio.o
 .debug_frame   0x00000394      0x160 Drivers\STM32L1xx_HAL_Driver\Src\stm32l1xx_hal_rcc.o
 .debug_frame   0x000004f4       0x3c Src\gpio.o
 .debug_frame   0x00000530       0x58 Src\main.o
 .debug_frame   0x00000588       0x2c Src\stm32l1xx_hal_msp.o
 .debug_frame   0x000005b4       0x2c Src\stm32l1xx_it.o
 .debug_frame   0x000005e0       0x38 Src\system_stm32l1xx.o
 .debug_frame   0x00000618       0x2c c:/program files (x86)/atollic/truestudio for stm32 9.0.0/armtools/bin/../lib/gcc/arm-atollic-eabi/6.3.1/../../../../arm-atollic-eabi/lib/armv7-m\libc_nano.a(lib_a-init.o)
